// Jest Snapshot v1, https://goo.gl/fbAQLP

exports[`[pages] Cart when loading should render correctly 1`] = `
.c5 {
  padding: 2rem;
}

.c0 {
  position: relative;
  z-index: 1;
}

.c1 {
  background: white;
  display: -webkit-box;
  display: -webkit-flex;
  display: -ms-flexbox;
  display: flex;
  -webkit-box-pack: justify;
  -webkit-justify-content: space-between;
  -ms-flex-pack: justify;
  justify-content: space-between;
  box-shadow: 0 0 5rem -1.3rem rgb(150,150,150);
}

.c2 {
  display: -webkit-box;
  display: -webkit-flex;
  display: -ms-flexbox;
  display: flex;
}

.c4 {
  display: -webkit-box;
  display: -webkit-flex;
  display: -ms-flexbox;
  display: flex;
}

.c3 {
  -webkit-text-decoration: none;
  text-decoration: none;
  color: #252522;
  background-color: #fff;
  padding: 20px;
  border: 0;
  border-right: 1px solid lightgrey;
  white-space: nowrap;
  font-weight: 300;
}

.c3:hover {
  color: #6364d9;
}

.c6 {
  font-weight: 400;
  font-family: circular,serif;
  color: #6364d9;
  text-transform: uppercase;
}

<div>
  <div
    class="Toastify"
  />
  <div
    class="c0"
  >
    <nav
      class="c1"
    >
      <div
        class="c2"
      >
        <a
          class="c3"
          href="/"
        >
          Product List
        </a>
      </div>
      <div
        class="c4"
      >
        <a
          class="c3"
          href="/sign_in"
        >
          Sign In
        </a>
        <a
          class="c3"
          href="/sign_up"
        >
          Sign Up
        </a>
        <a
          class="c3"
          href="/cart"
        >
          My Cart
        </a>
      </div>
    </nav>
  </div>
  <div
    class="c5"
  >
    <h1
      class="c6"
    >
      Cart
    </h1>
    <div>
      <span
        aria-label="Cart is so empty"
        role="img"
      >
        ðŸ˜¢
      </span>
       
      Cart is so empty...
    </div>
  </div>
</div>
`;
